
========================================================================
Otimizando horizonte H=1
========================================================================

ARX H=1 {'lags': 1, 'alpha': 0.01, 'difference': 0}: 2.1793
ARX H=1 {'lags': 1, 'alpha': 1.0, 'difference': 0}: 2.1883
ARX H=1 {'lags': 1, 'alpha': 10.0, 'difference': 0}: 2.3031
ARX H=1 {'lags': 3, 'alpha': 0.01, 'difference': 0}: 2.1494
ARX H=1 {'lags': 3, 'alpha': 1.0, 'difference': 0}: 2.1558
ARX H=1 {'lags': 3, 'alpha': 10.0, 'difference': 0}: 2.2972
ARX H=1 {'lags': 6, 'alpha': 0.01, 'difference': 0}: 2.1539
ARX H=1 {'lags': 6, 'alpha': 1.0, 'difference': 0}: 2.16
ARX H=1 {'lags': 6, 'alpha': 10.0, 'difference': 0}: 2.2976
ARIMAX H=1 {'lags': 1, 'alpha': 0.01, 'difference': 0}: 2.1677
ARIMAX H=1 {'lags': 1, 'alpha': 1.0, 'difference': 0}: 2.1801
ARIMAX H=1 {'lags': 1, 'alpha': 10.0, 'difference': 0}: 2.3502
ARIMAX H=1 {'lags': 1, 'alpha': 0.01, 'difference': 1}: 2.1442
ARIMAX H=1 {'lags': 1, 'alpha': 1.0, 'difference': 1}: 2.1483
ARIMAX H=1 {'lags': 1, 'alpha': 10.0, 'difference': 1}: 2.1538
ARIMAX H=1 {'lags': 3, 'alpha': 0.01, 'difference': 0}: 2.1476
ARIMAX H=1 {'lags': 3, 'alpha': 1.0, 'difference': 0}: 2.1619
ARIMAX H=1 {'lags': 3, 'alpha': 10.0, 'difference': 0}: 2.2661
ARIMAX H=1 {'lags': 3, 'alpha': 0.01, 'difference': 1}: 2.2485
ARIMAX H=1 {'lags': 3, 'alpha': 1.0, 'difference': 1}: 2.1452
ARIMAX H=1 {'lags': 3, 'alpha': 10.0, 'difference': 1}: 2.147
ARIMAX H=1 {'lags': 6, 'alpha': 0.01, 'difference': 0}: 2.1541
ARIMAX H=1 {'lags': 6, 'alpha': 1.0, 'difference': 0}: 2.1619
ARIMAX H=1 {'lags': 6, 'alpha': 10.0, 'difference': 0}: 2.2652
ARIMAX H=1 {'lags': 6, 'alpha': 0.01, 'difference': 1}: 2.2421
ARIMAX H=1 {'lags': 6, 'alpha': 1.0, 'difference': 1}: 2.1819
ARIMAX H=1 {'lags': 6, 'alpha': 10.0, 'difference': 1}: 2.145
VARX H=1 {'lags': 1, 'alpha': 0.01, 'difference': 0}: 2.1247
VARX H=1 {'lags': 1, 'alpha': 1.0, 'difference': 0}: 2.1359
VARX H=1 {'lags': 1, 'alpha': 10.0, 'difference': 0}: 2.2915
VARX H=1 {'lags': 3, 'alpha': 0.01, 'difference': 0}: 1.943
VARX H=1 {'lags': 3, 'alpha': 1.0, 'difference': 0}: 1.9535
VARX H=1 {'lags': 3, 'alpha': 10.0, 'difference': 0}: 2.0552
VARX H=1 {'lags': 6, 'alpha': 0.01, 'difference': 0}: 1.9534
VARX H=1 {'lags': 6, 'alpha': 1.0, 'difference': 0}: 1.9603
VARX H=1 {'lags': 6, 'alpha': 10.0, 'difference': 0}: 2.0462
VARIMAX H=1 {'lags': 1, 'alpha': 0.01, 'difference': 0}: 2.0903
VARIMAX H=1 {'lags': 1, 'alpha': 1.0, 'difference': 0}: 2.1045
VARIMAX H=1 {'lags': 1, 'alpha': 10.0, 'difference': 0}: 2.2447
VARIMAX H=1 {'lags': 1, 'alpha': 0.01, 'difference': 1}: 1.9549
VARIMAX H=1 {'lags': 1, 'alpha': 1.0, 'difference': 1}: 1.9547
VARIMAX H=1 {'lags': 1, 'alpha': 10.0, 'difference': 1}: 1.9694
VARIMAX H=1 {'lags': 3, 'alpha': 0.01, 'difference': 0}: 1.9393
VARIMAX H=1 {'lags': 3, 'alpha': 1.0, 'difference': 0}: 1.953
VARIMAX H=1 {'lags': 3, 'alpha': 10.0, 'difference': 0}: 2.0409
VARIMAX H=1 {'lags': 3, 'alpha': 0.01, 'difference': 1}: 2.0287
VARIMAX H=1 {'lags': 3, 'alpha': 1.0, 'difference': 1}: 2.0185
VARIMAX H=1 {'lags': 3, 'alpha': 10.0, 'difference': 1}: 1.9618
VARIMAX H=1 {'lags': 6, 'alpha': 0.01, 'difference': 0}: 1.9683
VARIMAX H=1 {'lags': 6, 'alpha': 1.0, 'difference': 0}: 1.955
VARIMAX H=1 {'lags': 6, 'alpha': 10.0, 'difference': 0}: 2.0134
VARIMAX H=1 {'lags': 6, 'alpha': 0.01, 'difference': 1}: 2.002
VARIMAX H=1 {'lags': 6, 'alpha': 1.0, 'difference': 1}: 1.9795
VARIMAX H=1 {'lags': 6, 'alpha': 10.0, 'difference': 1}: 1.9417
SingleNode_Seq2Seq H=1 trial=1/12: val MAE=2.0385 dB (111.1s)
SingleNode_Seq2Seq H=1 trial=2/12: val MAE=2.0362 dB (46.9s)
SingleNode_Seq2Seq H=1 trial=3/12: val MAE=2.0339 dB (20.9s)
SingleNode_Seq2Seq H=1 trial=4/12: val MAE=2.0445 dB (65.2s)
SingleNode_Seq2Seq H=1 trial=5/12: val MAE=2.0319 dB (46.7s)
SingleNode_Seq2Seq H=1 trial=6/12: val MAE=2.0297 dB (20.8s)
SingleNode_Seq2Seq H=1 trial=7/12: val MAE=2.0408 dB (16.6s)
SingleNode_Seq2Seq H=1 trial=8/12: val MAE=2.0335 dB (61.4s)
SingleNode_Seq2Seq H=1 trial=9/12: val MAE=2.0457 dB (27.6s)
SingleNode_Seq2Seq H=1 trial=10/12: val MAE=2.0491 dB (95.9s)
SingleNode_Seq2Seq H=1 trial=11/12: val MAE=2.0358 dB (65.4s)
SingleNode_Seq2Seq H=1 trial=12/12: val MAE=2.0432 dB (16.3s)
MultiNode_Seq2Seq H=1 trial=1/12: val MAE=2.0662 dB (11.3s)
MultiNode_Seq2Seq H=1 trial=2/12: val MAE=1.9767 dB (5.5s)
MultiNode_Seq2Seq H=1 trial=3/12: val MAE=2.0140 dB (2.5s)
MultiNode_Seq2Seq H=1 trial=4/12: val MAE=1.9628 dB (8.1s)
MultiNode_Seq2Seq H=1 trial=5/12: val MAE=2.0199 dB (5.6s)
MultiNode_Seq2Seq H=1 trial=6/12: val MAE=1.9864 dB (3.3s)
MultiNode_Seq2Seq H=1 trial=7/12: val MAE=2.0343 dB (2.5s)
MultiNode_Seq2Seq H=1 trial=8/12: val MAE=1.9411 dB (10.1s)
MultiNode_Seq2Seq H=1 trial=9/12: val MAE=2.0160 dB (3.4s)
MultiNode_Seq2Seq H=1 trial=10/12: val MAE=2.0708 dB (9.3s)
MultiNode_Seq2Seq H=1 trial=11/12: val MAE=1.9335 dB (8.1s)
MultiNode_Seq2Seq H=1 trial=12/12: val MAE=2.0497 dB (2.2s)
SingleNode_NLinear H=1 trial=1/12: val MAE=2.0499 dB (2.5s)
SingleNode_NLinear H=1 trial=2/12: val MAE=2.0500 dB (2.5s)
SingleNode_NLinear H=1 trial=3/12: val MAE=2.1148 dB (8.9s)
SingleNode_NLinear H=1 trial=4/12: val MAE=2.0485 dB (7.7s)
SingleNode_NLinear H=1 trial=5/12: val MAE=2.0323 dB (2.3s)
SingleNode_NLinear H=1 trial=6/12: val MAE=2.0336 dB (8.7s)
SingleNode_NLinear H=1 trial=7/12: val MAE=2.0328 dB (2.4s)
SingleNode_NLinear H=1 trial=8/12: val MAE=3.2793 dB (2.4s)
SingleNode_NLinear H=1 trial=9/12: val MAE=2.0332 dB (8.7s)
SingleNode_NLinear H=1 trial=10/12: val MAE=2.1146 dB (8.5s)
SingleNode_NLinear H=1 trial=11/12: val MAE=3.2796 dB (2.4s)
SingleNode_NLinear H=1 trial=12/12: val MAE=2.0431 dB (7.4s)
MultiNode_NLinear H=1 trial=1/12: val MAE=2.0645 dB (0.4s)
MultiNode_NLinear H=1 trial=2/12: val MAE=2.0644 dB (0.3s)
MultiNode_NLinear H=1 trial=3/12: val MAE=2.1168 dB (1.1s)
MultiNode_NLinear H=1 trial=4/12: val MAE=2.0788 dB (1.1s)
MultiNode_NLinear H=1 trial=5/12: val MAE=2.0619 dB (0.3s)
MultiNode_NLinear H=1 trial=6/12: val MAE=2.0527 dB (1.1s)
MultiNode_NLinear H=1 trial=7/12: val MAE=2.0607 dB (0.3s)
MultiNode_NLinear H=1 trial=8/12: val MAE=4.2092 dB (0.3s)
MultiNode_NLinear H=1 trial=9/12: val MAE=2.0531 dB (1.1s)
MultiNode_NLinear H=1 trial=10/12: val MAE=2.1167 dB (1.1s)
MultiNode_NLinear H=1 trial=11/12: val MAE=4.2097 dB (0.3s)
MultiNode_NLinear H=1 trial=12/12: val MAE=2.0740 dB (1.1s)
SingleNode_DLinear H=1 trial=1/12: val MAE=2.0500 dB (3.2s)
SingleNode_DLinear H=1 trial=2/12: val MAE=2.0520 dB (3.1s)
SingleNode_DLinear H=1 trial=3/12: val MAE=2.3582 dB (12.0s)
SingleNode_DLinear H=1 trial=4/12: val MAE=2.1011 dB (10.5s)
SingleNode_DLinear H=1 trial=5/12: val MAE=2.0543 dB (3.0s)
SingleNode_DLinear H=1 trial=6/12: val MAE=2.0420 dB (12.1s)
SingleNode_DLinear H=1 trial=7/12: val MAE=2.0835 dB (3.0s)
SingleNode_DLinear H=1 trial=8/12: val MAE=3.7825 dB (3.2s)
SingleNode_DLinear H=1 trial=9/12: val MAE=2.0416 dB (12.0s)
SingleNode_DLinear H=1 trial=10/12: val MAE=2.3587 dB (11.8s)
SingleNode_DLinear H=1 trial=11/12: val MAE=3.7827 dB (3.1s)
SingleNode_DLinear H=1 trial=12/12: val MAE=2.0964 dB (10.1s)
MultiNode_DLinear H=1 trial=1/12: val MAE=2.0708 dB (0.5s)
MultiNode_DLinear H=1 trial=2/12: val MAE=2.0664 dB (0.5s)
MultiNode_DLinear H=1 trial=3/12: val MAE=2.1448 dB (1.5s)
MultiNode_DLinear H=1 trial=4/12: val MAE=2.0692 dB (1.5s)
MultiNode_DLinear H=1 trial=5/12: val MAE=2.0978 dB (0.5s)
MultiNode_DLinear H=1 trial=6/12: val MAE=2.0577 dB (1.5s)
MultiNode_DLinear H=1 trial=7/12: val MAE=2.0700 dB (0.5s)
MultiNode_DLinear H=1 trial=8/12: val MAE=3.4527 dB (0.5s)
MultiNode_DLinear H=1 trial=9/12: val MAE=2.0626 dB (1.5s)
MultiNode_DLinear H=1 trial=10/12: val MAE=2.1446 dB (1.5s)
MultiNode_DLinear H=1 trial=11/12: val MAE=3.4531 dB (0.5s)
MultiNode_DLinear H=1 trial=12/12: val MAE=2.1144 dB (1.4s)
PhysicalAdaptive_STGNN H=1 trial=1/12: val MAE=2.0335 dB (13.8s)
PhysicalAdaptive_STGNN H=1 trial=2/12: val MAE=2.1661 dB (29.2s)
PhysicalAdaptive_STGNN H=1 trial=3/12: val MAE=2.0310 dB (24.4s)
PhysicalAdaptive_STGNN H=1 trial=4/12: val MAE=1.8326 dB (100.1s)
PhysicalAdaptive_STGNN H=1 trial=5/12: val MAE=2.0094 dB (119.1s)
PhysicalAdaptive_STGNN H=1 trial=6/12: val MAE=2.0395 dB (10.9s)
PhysicalAdaptive_STGNN H=1 trial=7/12: val MAE=1.8567 dB (23.4s)
PhysicalAdaptive_STGNN H=1 trial=8/12: val MAE=2.0355 dB (16.7s)
PhysicalAdaptive_STGNN H=1 trial=9/12: val MAE=2.0147 dB (137.8s)
PhysicalAdaptive_STGNN H=1 trial=10/12: val MAE=1.8982 dB (23.7s)
PhysicalAdaptive_STGNN H=1 trial=11/12: val MAE=2.0275 dB (23.7s)
PhysicalAdaptive_STGNN H=1 trial=12/12: val MAE=1.8816 dB (63.6s)

Otimização concluída; executando benchmark final...

H=1: device=cpu; windows={'train': 7145, 'validation': 1369, 'test': 1015}
ARX: MAE=2.1849 dB; params=72; fit=0.0s
ARIMAX: MAE=2.2451 dB; params=63; fit=0.0s
VARX: MAE=2.0484 dB; params=288; fit=0.0s
VARIMAX: MAE=2.0307 dB; params=297; fit=0.2s
SingleNode_Seq2Seq: MAE=1.9745 dB; params=160137; fit=77.0s
MultiNode_Seq2Seq: MAE=1.9680 dB; params=106249; fit=28.8s
SingleNode_NLinear: MAE=2.1258 dB; params=225; fit=3.6s
MultiNode_NLinear: MAE=2.1128 dB; params=25; fit=1.5s
SingleNode_DLinear: MAE=2.0886 dB; params=450; fit=22.5s
MultiNode_DLinear: MAE=2.0975 dB; params=50; fit=2.6s
PhysicalAdaptive_STGNN: MAE=1.8575 dB; params=165459; fit=254.0s
STGNN_NoGraph: MAE=1.9024 dB; params=157121; fit=229.6s
STGNN_PhysicalOnly: MAE=1.8767 dB; params=165313; fit=241.8s
STGNN_AdaptiveOnly: MAE=1.8618 dB; params=165457; fit=245.1s

===========================================================================
 BENCHMARK SUMMARY (Horizon H = 1 hour(s))
===========================================================================
Model                    | MAE (dB)   | RMSE (dB)  | Params    | Latency 
-------------------------------------------------------------------------
PhysicalAdaptive_STGNN   | 1.8575     | 2.5944     | 165,459   | 6.77ms  
STGNN_AdaptiveOnly       | 1.8618     | 2.6048     | 165,457   | 9.34ms  
STGNN_PhysicalOnly       | 1.8767     | 2.6245     | 165,313   | 6.12ms  
STGNN_NoGraph            | 1.9024     | 2.6773     | 157,121   | 5.80ms  
MultiNode_Seq2Seq        | 1.9680     | 2.7501     | 106,249   | 0.93ms  
SingleNode_Seq2Seq       | 1.9745     | 2.7767     | 160,137   | 4.70ms  
VARIMAX                  | 2.0307     | 2.8165     | 297       | 1.20ms  
VARX                     | 2.0484     | 2.8463     | 288       | 1.18ms  
SingleNode_DLinear       | 2.0886     | 2.9446     | 450       | 0.55ms  
MultiNode_DLinear        | 2.0975     | 2.9608     | 50        | 0.10ms  
MultiNode_NLinear        | 2.1128     | 2.9883     | 25        | 0.04ms  
SingleNode_NLinear       | 2.1258     | 2.9945     | 225       | 0.19ms  
ARX                      | 2.1849     | 3.0558     | 72        | 1.02ms  
ARIMAX                   | 2.2451     | 3.1692     | 63        | 1.04ms  
===========================================================================

MAE POR NÓ (dB; menor é melhor)
Model                    | RSSI_01 | RSSI_02 | RSSI_03 | RSSI_04 | RSSI_05 | RSSI_06 | RSSI_07 | RSSI_08 | RSSI_09 | média
--------------------------------------------------------------------------------------------------------------------------
PhysicalAdaptive_STGNN   | 2.3852  | 1.5493  | 1.5731  | 2.1790  | 1.4206  | 1.2603  | 2.2392  | 1.9426  | 2.1683  | 1.8575
STGNN_AdaptiveOnly       | 2.3935  | 1.5643  | 1.5640  | 2.1935  | 1.4173  | 1.2517  | 2.2380  | 1.9666  | 2.1669  | 1.8618
STGNN_PhysicalOnly       | 2.3976  | 1.5828  | 1.5775  | 2.2092  | 1.4328  | 1.2720  | 2.2232  | 1.9785  | 2.2164  | 1.8767
STGNN_NoGraph            | 2.4444  | 1.6145  | 1.6081  | 2.2286  | 1.4846  | 1.2900  | 2.2754  | 1.9524  | 2.2232  | 1.9024
MultiNode_Seq2Seq        | 2.3899  | 1.7616  | 1.6667  | 2.3530  | 1.6123  | 1.3242  | 2.3238  | 2.0699  | 2.2109  | 1.9680
SingleNode_Seq2Seq       | 2.5561  | 1.7836  | 1.6159  | 2.4765  | 1.4875  | 1.3338  | 2.3206  | 1.9952  | 2.2013  | 1.9745
VARIMAX                  | 2.4589  | 1.7430  | 1.7170  | 2.3471  | 1.6384  | 1.4962  | 2.4644  | 2.1958  | 2.2153  | 2.0307
VARX                     | 2.4522  | 1.7378  | 1.7245  | 2.3679  | 1.6432  | 1.5069  | 2.5190  | 2.2576  | 2.2266  | 2.0484
SingleNode_DLinear       | 2.5744  | 1.7793  | 1.7805  | 2.5075  | 1.7140  | 1.3946  | 2.4709  | 2.1728  | 2.4030  | 2.0886
MultiNode_DLinear        | 2.5811  | 1.7632  | 1.7689  | 2.4890  | 1.6923  | 1.4196  | 2.4746  | 2.2279  | 2.4606  | 2.0975
MultiNode_NLinear        | 2.5949  | 1.7733  | 1.7725  | 2.5153  | 1.7078  | 1.4206  | 2.5013  | 2.2474  | 2.4823  | 2.1128
SingleNode_NLinear       | 2.5624  | 1.8125  | 1.7943  | 2.5137  | 1.7719  | 1.4656  | 2.4905  | 2.2801  | 2.4411  | 2.1258
ARX                      | 2.6046  | 1.8330  | 1.8726  | 2.5933  | 1.7730  | 1.5033  | 2.6534  | 2.3392  | 2.4917  | 2.1849
ARIMAX                   | 2.6906  | 1.9155  | 1.9043  | 2.6982  | 1.8483  | 1.4897  | 2.6504  | 2.4031  | 2.6060  | 2.2451

CUSTO PARA ATENDER TODOS OS NÓS
Model                    | preditores |   parâmetros |  KiB pesos | treino(s)
PhysicalAdaptive_STGNN   |          1 |      165,459 |     646.32 |    253.99
STGNN_AdaptiveOnly       |          1 |      165,457 |     646.32 |    245.09
STGNN_PhysicalOnly       |          1 |      165,313 |     645.75 |    241.85
STGNN_NoGraph            |          1 |      157,121 |     613.75 |    229.61
MultiNode_Seq2Seq        |          1 |      106,249 |     415.04 |     28.81
SingleNode_Seq2Seq       |          9 |      160,137 |     625.54 |     77.02
VARIMAX                  |          1 |          297 |       2.32 |      0.17
VARX                     |          1 |          288 |       2.25 |      0.02
SingleNode_DLinear       |          9 |          450 |       1.76 |     22.50
MultiNode_DLinear        |          1 |           50 |       0.20 |      2.60
MultiNode_NLinear        |          1 |           25 |       0.10 |      1.52
SingleNode_NLinear       |          9 |          225 |       0.88 |      3.60
ARX                      |          9 |           72 |       0.56 |      0.01
ARIMAX                   |          9 |           63 |       0.49 |      0.03
